2026-06-30 13:22:12.294 xcodebuild[27565:3444787] [MT] IDEDistribution: -[IDEDistributionLogging _createLoggingBundleAtPath:]: Created bundle at path "/var/folders/74/yrnx1tmn4dsdwgzvvwt5c90m0000gn/T/BudgetBuddy_2026-06-30_13-22-12.294.xcdistributionlogs".
2026-06-30 13:22:29.591 xcodebuild[27565:3444787] Starting upload
2026-06-30 13:22:32.392 xcodebuild[27565:3444822] Progress 0%: Making copy of ‘BudgetBuddy.ipa’…
2026-06-30 13:22:32.392 xcodebuild[27565:3444822] Progress 0%: Making copy of ‘BudgetBuddy.ipa’…
2026-06-30 13:22:32.394 xcodebuild[27565:3444822] Progress 0%: Preparing to upload ‘BudgetBuddy.ipa’…
2026-06-30 13:22:44.295 xcodebuild[27565:3444833] Progress 0%: Analyzing package…
2026-06-30 13:22:46.175 xcodebuild[27565:3444833] Progress 0%: Sending analysis to App Store Connect…
2026-06-30 13:22:47.933 xcodebuild[27565:3444833] Progress 0%: Waiting for App Store Connect analysis response…
2026-06-30 13:22:50.270 xcodebuild[27565:3444833] Progress 0%: Waiting for App Store Connect analysis response…
2026-06-30 13:23:12.777 xcodebuild[27565:3445632] Progress 0%: Sending SPI analysis to App Store Connect…
2026-06-30 13:23:13.626 xcodebuild[27565:3444833] Progress 0%: Waiting for App Store Connect SPI analysis response…
2026-06-30 13:23:15.947 xcodebuild[27565:3444833] Progress 0%: Waiting for App Store Connect SPI analysis response…
2026-06-30 13:23:31.775 xcodebuild[27565:3447509] Progress 0%: Requesting upload instructions from App Store Connect…
2026-06-30 13:23:33.289 xcodebuild[27565:3447509] Progress 0%: Preparing file for upload to App Store Connect…
2026-06-30 13:23:33.298 xcodebuild[27565:3447509] Progress 0%: Preparing file for upload to App Store Connect…
2026-06-30 13:23:33.299 xcodebuild[27565:3447509] Progress 0%: Uploading to App Store Connect…
2026-06-30 13:23:33.418 xcodebuild[27565:3447509] Progress 8%: Uploading to App Store Connect…
2026-06-30 13:23:33.418 xcodebuild[27565:3447509] Progress 8%: Uploading to App Store Connect…
2026-06-30 13:23:33.956 xcodebuild[27565:3447509] Progress 44%: Uploading to App Store Connect…
2026-06-30 13:23:33.957 xcodebuild[27565:3447509] Progress 44%: Uploading to App Store Connect…
2026-06-30 13:23:34.632 xcodebuild[27565:3447509] Progress 69%: Uploading to App Store Connect…
2026-06-30 13:23:34.633 xcodebuild[27565:3447509] Progress 69%: Uploading to App Store Connect…
2026-06-30 13:23:35.382 xcodebuild[27565:3447509] Progress 94%: Uploading to App Store Connect…
2026-06-30 13:23:35.383 xcodebuild[27565:3447509] Progress 94%: Uploading to App Store Connect…
2026-06-30 13:23:36.251 xcodebuild[27565:3447509] Progress 94%: Completing upload…
2026-06-30 13:23:38.030 xcodebuild[27565:3447509] Progress 94%: Waiting for package to begin processing…
2026-06-30 13:23:38.288 xcodebuild[27565:3447509] Progress 94%: Uploaded package is processing.
2026-06-30 13:23:38.293 xcodebuild[27565:3447509] Progress 94%: Upload succeeded.
Uploaded BudgetBuddy
** EXPORT SUCCEEDED **

